{
	"HTTP": {
		"version": "0.9",
		"status": 200,
		"reason": "OK"
	},
	
	"body": "Test"
}