{
	"HTTP": {
		"version": "1.1",
		"status": 200,
		"reason": "OK"
	},
	
	"headers": {
		"connection": "close",
		"x-foobar": "One, Two, Three"
	},
	
	"body": "Test"
}