{
	"HTTP": {
		"version": "1.1",
		"status": 999,
		"reason": "Foobar"
	},
	
	"headers": {
		"connection": "close"
	},
	
	"body": "Test"
}